[1, 2, 3]
[2, 4, 6]
[some, words]
[some, stuff]
[Hello, Santa Claus!, Greetings, Santa Claus!, Good day, Santa Claus!]
