15
-30
-15
-17
-13
[1, 2, 3, 4, 5, 6]
Hello, world!