100 * 2 = 200
200 (String)
200 * 2 = 400
400 (String)