1, 2, 3
test:sentence:with:words
[1, 2, 3] <-> [4, 5, 6] <-> [7, 8, 9]
3
Hello, World!
The answer is 42