struct S(name: String, age: I32)
Struct S(name: Claus Kleber, age: 67)
true
false
Claus Kleber
Struct S(name: Claus-Detlev Walter Kleber, age: 67)