String
I32
Bool
Range
Array[I32]
Array[?]
Array[String]
String
String
Array[I32]
Array[?]
Array[I32]
